Archive member included to satisfy reference by file (symbol)

C:/ST/STM32CubeIDE_1.15.1/STM32CubeIDE/plugins/com.st.stm32cube.ide.mcu.externaltools.gnu-tools-for-stm32.12.3.rel1.win32_1.0.100.202403111256/tools/bin/../lib/gcc/arm-none-eabi/12.3.1/../../../../arm-none-eabi/lib/thumb/v7e-m+fp/hard\libc_nano.a(libc_a-atoi.o)
                              ./Core/Src/Func.o (atoi)
C:/ST/STM32CubeIDE_1.15.1/STM32CubeIDE/plugins/com.st.stm32cube.ide.mcu.externaltools.gnu-tools-for-stm32.12.3.rel1.win32_1.0.100.202403111256/tools/bin/../lib/gcc/arm-none-eabi/12.3.1/../../../../arm-none-eabi/lib/thumb/v7e-m+fp/hard\libc_nano.a(libc_a-exit.o)
                              C:/ST/STM32CubeIDE_1.15.1/STM32CubeIDE/plugins/com.st.stm32cube.ide.mcu.externaltools.gnu-tools-for-stm32.12.3.rel1.win32_1.0.100.202403111256/tools/bin/../lib/gcc/arm-none-eabi/12.3.1/../../../../arm-none-eabi/lib/thumb/v7e-m+fp/hard/crt0.o (exit)
C:/ST/STM32CubeIDE_1.15.1/STM32CubeIDE/plugins/com.st.stm32cube.ide.mcu.externaltools.gnu-tools-for-stm32.12.3.rel1.win32_1.0.100.202403111256/tools/bin/../lib/gcc/arm-none-eabi/12.3.1/../../../../arm-none-eabi/lib/thumb/v7e-m+fp/hard\libc_nano.a(libc_a-strtol.o)
                              C:/ST/STM32CubeIDE_1.15.1/STM32CubeIDE/plugins/com.st.stm32cube.ide.mcu.externaltools.gnu-tools-for-stm32.12.3.rel1.win32_1.0.100.202403111256/tools/bin/../lib/gcc/arm-none-eabi/12.3.1/../../../../arm-none-eabi/lib/thumb/v7e-m+fp/hard\libc_nano.a(libc_a-atoi.o) (_strtol_r)
C:/ST/STM32CubeIDE_1.15.1/STM32CubeIDE/plugins/com.st.stm32cube.ide.mcu.externaltools.gnu-tools-for-stm32.12.3.rel1.win32_1.0.100.202403111256/tools/bin/../lib/gcc/arm-none-eabi/12.3.1/../../../../arm-none-eabi/lib/thumb/v7e-m+fp/hard\libc_nano.a(libc_a-ctype_.o)
                              C:/ST/STM32CubeIDE_1.15.1/STM32CubeIDE/plugins/com.st.stm32cube.ide.mcu.externaltools.gnu-tools-for-stm32.12.3.rel1.win32_1.0.100.202403111256/tools/bin/../lib/gcc/arm-none-eabi/12.3.1/../../../../arm-none-eabi/lib/thumb/v7e-m+fp/hard\libc_nano.a(libc_a-strtol.o) (_ctype_)
C:/ST/STM32CubeIDE_1.15.1/STM32CubeIDE/plugins/com.st.stm32cube.ide.mcu.externaltools.gnu-tools-for-stm32.12.3.rel1.win32_1.0.100.202403111256/tools/bin/../lib/gcc/arm-none-eabi/12.3.1/../../../../arm-none-eabi/lib/thumb/v7e-m+fp/hard\libc_nano.a(libc_a-findfp.o)
                              C:/ST/STM32CubeIDE_1.15.1/STM32CubeIDE/plugins/com.st.stm32cube.ide.mcu.externaltools.gnu-tools-for-stm32.12.3.rel1.win32_1.0.100.202403111256/tools/bin/../lib/gcc/arm-none-eabi/12.3.1/../../../../arm-none-eabi/lib/thumb/v7e-m+fp/hard\libc_nano.a(libc_a-exit.o) (__stdio_exit_handler)
C:/ST/STM32CubeIDE_1.15.1/STM32CubeIDE/plugins/com.st.stm32cube.ide.mcu.externaltools.gnu-tools-for-stm32.12.3.rel1.win32_1.0.100.202403111256/tools/bin/../lib/gcc/arm-none-eabi/12.3.1/../../../../arm-none-eabi/lib/thumb/v7e-m+fp/hard\libc_nano.a(libc_a-fwalk.o)
                              C:/ST/STM32CubeIDE_1.15.1/STM32CubeIDE/plugins/com.st.stm32cube.ide.mcu.externaltools.gnu-tools-for-stm32.12.3.rel1.win32_1.0.100.202403111256/tools/bin/../lib/gcc/arm-none-eabi/12.3.1/../../../../arm-none-eabi/lib/thumb/v7e-m+fp/hard\libc_nano.a(libc_a-findfp.o) (_fwalk_sglue)
C:/ST/STM32CubeIDE_1.15.1/STM32CubeIDE/plugins/com.st.stm32cube.ide.mcu.externaltools.gnu-tools-for-stm32.12.3.rel1.win32_1.0.100.202403111256/tools/bin/../lib/gcc/arm-none-eabi/12.3.1/../../../../arm-none-eabi/lib/thumb/v7e-m+fp/hard\libc_nano.a(libc_a-stdio.o)
                              C:/ST/STM32CubeIDE_1.15.1/STM32CubeIDE/plugins/com.st.stm32cube.ide.mcu.externaltools.gnu-tools-for-stm32.12.3.rel1.win32_1.0.100.202403111256/tools/bin/../lib/gcc/arm-none-eabi/12.3.1/../../../../arm-none-eabi/lib/thumb/v7e-m+fp/hard\libc_nano.a(libc_a-findfp.o) (__sread)
C:/ST/STM32CubeIDE_1.15.1/STM32CubeIDE/plugins/com.st.stm32cube.ide.mcu.externaltools.gnu-tools-for-stm32.12.3.rel1.win32_1.0.100.202403111256/tools/bin/../lib/gcc/arm-none-eabi/12.3.1/../../../../arm-none-eabi/lib/thumb/v7e-m+fp/hard\libc_nano.a(libc_a-memset.o)
                              C:/ST/STM32CubeIDE_1.15.1/STM32CubeIDE/plugins/com.st.stm32cube.ide.mcu.externaltools.gnu-tools-for-stm32.12.3.rel1.win32_1.0.100.202403111256/tools/bin/../lib/gcc/arm-none-eabi/12.3.1/../../../../arm-none-eabi/lib/thumb/v7e-m+fp/hard/crt0.o (memset)
C:/ST/STM32CubeIDE_1.15.1/STM32CubeIDE/plugins/com.st.stm32cube.ide.mcu.externaltools.gnu-tools-for-stm32.12.3.rel1.win32_1.0.100.202403111256/tools/bin/../lib/gcc/arm-none-eabi/12.3.1/../../../../arm-none-eabi/lib/thumb/v7e-m+fp/hard\libc_nano.a(libc_a-strncpy.o)
                              ./Core/Src/Func.o (strncpy)
C:/ST/STM32CubeIDE_1.15.1/STM32CubeIDE/plugins/com.st.stm32cube.ide.mcu.externaltools.gnu-tools-for-stm32.12.3.rel1.win32_1.0.100.202403111256/tools/bin/../lib/gcc/arm-none-eabi/12.3.1/../../../../arm-none-eabi/lib/thumb/v7e-m+fp/hard\libc_nano.a(libc_a-strtok.o)
                              ./Core/Src/Func.o (strtok)
[...]
Memory Configuration

Name             Origin             Length             Attributes
RAM              0x20000000         0x00008000         xrw
FLASH            0x08000000         0x00020000         xr
*default*        0x00000000         0xffffffff

Linker script and memory map

LOAD C:/ST/STM32CubeIDE_1.15.1/STM32CubeIDE/plugins/com.st.stm32cube.ide.mcu.externaltools.gnu-tools-for-stm32.12.3.rel1.win32_1.0.100.202403111256/tools/bin/../lib/gcc/arm-none-eabi/12.3.1/thumb/v7e-m+fp/hard/crti.o
LOAD C:/ST/STM32CubeIDE_1.15.1/STM32CubeIDE/plugins/com.st.stm32cube.ide.mcu.externaltools.gnu-tools-for-stm32.12.3.rel1.win32_1.0.100.202403111256/tools/bin/../lib/gcc/arm-none-eabi/12.3.1/thumb/v7e-m+fp/hard/crtbegin.o
LOAD C:/ST/STM32CubeIDE_1.15.1/STM32CubeIDE/plugins/com.st.stm32cube.ide.mcu.externaltools.gnu-tools-for-stm32.12.3.rel1.win32_1.0.100.202403111256/tools/bin/../lib/gcc/arm-none-eabi/12.3.1/../../../../arm-none-eabi/lib/thumb/v7e-m+fp/hard/crt0.o
LOAD ./Core/Src/Func.o
LOAD ./Core/Src/WS2812_SPI.o
LOAD ./Core/Src/main.o
LOAD ./Core/Src/stm32g4xx_hal_msp.o
LOAD ./Core/Src/stm32g4xx_it.o
LOAD ./Core/Src/syscalls.o
LOAD ./Core/Src/sysmem.o
LOAD ./Core/Src/system_stm32g4xx.o
LOAD ./Core/Startup/startup_stm32g431rbtx.o
LOAD ./Drivers/STM32G4xx_HAL_Driver/Src/stm32g4xx_hal.o
LOAD ./Drivers/STM32G4xx_HAL_Driver/Src/stm32g4xx_hal_cortex.o
LOAD ./Drivers/STM32G4xx_HAL_Driver/Src/stm32g4xx_hal_dma.o
LOAD ./Drivers/STM32G4xx_HAL_Driver/Src/stm32g4xx_hal_dma_ex.o
LOAD ./Drivers/STM32G4xx_HAL_Driver/Src/stm32g4xx_hal_exti.o
LOAD ./Drivers/STM32G4xx_HAL_Driver/Src/stm32g4xx_hal_flash.o
LOAD ./Drivers/STM32G4xx_HAL_Driver/Src/stm32g4xx_hal_flash_ex.o
LOAD ./Drivers/STM32G4xx_HAL_Driver/Src/stm32g4xx_hal_flash_ramfunc.o
LOAD ./Drivers/STM32G4xx_HAL_Driver/Src/stm32g4xx_hal_gpio.o
LOAD ./Drivers/STM32G4xx_HAL_Driver/Src/stm32g4xx_hal_pwr.o
LOAD ./Drivers/STM32G4xx_HAL_Driver/Src/stm32g4xx_hal_pwr_ex.o
LOAD ./Drivers/STM32G4xx_HAL_Driver/Src/stm32g4xx_hal_rcc.o
LOAD ./Drivers/STM32G4xx_HAL_Driver/Src/stm32g4xx_hal_rcc_ex.o
LOAD ./Drivers/STM32G4xx_HAL_Driver/Src/stm32g4xx_hal_spi.o
LOAD ./Drivers/STM32G4xx_HAL_Driver/Src/stm32g4xx_hal_spi_ex.o
LOAD ./Drivers/STM32G4xx_HAL_Driver/Src/stm32g4xx_hal_tim.o
LOAD ./Drivers/STM32G4xx_HAL_Driver/Src/stm32g4xx_hal_tim_ex.o
LOAD ./Drivers/STM32G4xx_HAL_Driver/Src/stm32g4xx_hal_uart.o
LOAD ./Drivers/STM32G4xx_HAL_Driver/Src/stm32g4xx_hal_uart_ex.o
START GROUP
LOAD C:/ST/STM32CubeIDE_1.15.1/STM32CubeIDE/plugins/com.st.stm32cube.ide.mcu.externaltools.gnu-tools-for-stm32.12.3.rel1.win32_1.0.100.202403111256/tools/bin/../lib/gcc/arm-none-eabi/12.3.1/../../../../arm-none-eabi/lib/thumb/v7e-m+fp/hard\libc_nano.a
LOAD C:/ST/STM32CubeIDE_1.15.1/STM32CubeIDE/plugins/com.st.stm32cube.ide.mcu.externaltools.gnu-tools-for-stm32.12.3.rel1.win32_1.0.100.202403111256/tools/bin/../lib/gcc/arm-none-eabi/12.3.1/../../../../arm-none-eabi/lib/thumb/v7e-m+fp/hard\libm.a
END GROUP
START GROUP
LOAD C:/ST/STM32CubeIDE_1.15.1/STM32CubeIDE/plugins/com.st.stm32cube.ide.mcu.externaltools.gnu-tools-for-stm32.12.3.rel1.win32_1.0.100.202403111256/tools/bin/../lib/gcc/arm-none-eabi/12.3.1/thumb/v7e-m+fp/hard\libgcc.a
LOAD C:/ST/STM32CubeIDE_1.15.1/STM32CubeIDE/plugins/com.st.stm32cube.ide.mcu.externaltools.gnu-tools-for-stm32.12.3.rel1.win32_1.0.100.202403111256/tools/bin/../lib/gcc/arm-none-eabi/12.3.1/../../../../arm-none-eabi/lib/thumb/v7e-m+fp/hard\libc_nano.a
END GROUP
START GROUP
LOAD C:/ST/STM32CubeIDE_1.15.1/STM32CubeIDE/plugins/com.st.stm32cube.ide.mcu.externaltools.gnu-tools-for-stm32.12.3.rel1.win32_1.0.100.202403111256/tools/bin/../lib/gcc/arm-none-eabi/12.3.1/thumb/v7e-m+fp/hard\libgcc.a
LOAD C:/ST/STM32CubeIDE_1.15.1/STM32CubeIDE/plugins/com.st.stm32cube.ide.mcu.externaltools.gnu-tools-for-stm32.12.3.rel1.win32_1.0.100.202403111256/tools/bin/../lib/gcc/arm-none-eabi/12.3.1/../../../../arm-none-eabi/lib/thumb/v7e-m+fp/hard\libc_nano.a
LOAD C:/ST/STM32CubeIDE_1.15.1/STM32CubeIDE/plugins/com.st.stm32cube.ide.mcu.externaltools.gnu-tools-for-stm32.12.3.rel1.win32_1.0.100.202403111256/tools/bin/../lib/gcc/arm-none-eabi/12.3.1/../../../../arm-none-eabi/lib/thumb/v7e-m+fp/hard\libnosys.a
END GROUP
START GROUP
LOAD C:/ST/STM32CubeIDE_1.15.1/STM32CubeIDE/plugins/com.st.stm32cube.ide.mcu.externaltools.gnu-tools-for-stm32.12.3.rel1.win32_1.0.100.202403111256/tools/bin/../lib/gcc/arm-none-eabi/12.3.1/thumb/v7e-m+fp/hard\libgcc.a
LOAD C:/ST/STM32CubeIDE_1.15.1/STM32CubeIDE/plugins/com.st.stm32cube.ide.mcu.externaltools.gnu-tools-for-stm32.12.3.rel1.win32_1.0.100.202403111256/tools/bin/../lib/gcc/arm-none-eabi/12.3.1/../../../../arm-none-eabi/lib/thumb/v7e-m+fp/hard\libc_nano.a
LOAD C:/ST/STM32CubeIDE_1.15.1/STM32CubeIDE/plugins/com.st.stm32cube.ide.mcu.externaltools.gnu-tools-for-stm32.12.3.rel1.win32_1.0.100.202403111256/tools/bin/../lib/gcc/arm-none-eabi/12.3.1/../../../../arm-none-eabi/lib/thumb/v7e-m+fp/hard\libnosys.a
END GROUP
LOAD C:/ST/STM32CubeIDE_1.15.1/STM32CubeIDE/plugins/com.st.stm32cube.ide.mcu.externaltools.gnu-tools-for-stm32.12.3.rel1.win32_1.0.100.202403111256/tools/bin/../lib/gcc/arm-none-eabi/12.3.1/thumb/v7e-m+fp/hard/crtend.o
LOAD C:/ST/STM32CubeIDE_1.15.1/STM32CubeIDE/plugins/com.st.stm32cube.ide.mcu.externaltools.gnu-tools-for-stm32.12.3.rel1.win32_1.0.100.202403111256/tools/bin/../lib/gcc/arm-none-eabi/12.3.1/thumb/v7e-m+fp/hard/crtn.o
                0x20008000                        _estack = (ORIGIN (RAM) + LENGTH (RAM))
                0x00000200                        _Min_Heap_Size = 0x200
                0x00000400                        _Min_Stack_Size = 0x400

.isr_vector     0x08000000      0x1d8
                0x08000000                        . = ALIGN (0x4)
 *(.isr_vector)
 .isr_vector    0x08000000      0x1d8 ./Core/Startup/startup_stm32g431rbtx.o
                0x08000000                g_pfnVectors
                0x080001d8                        . = ALIGN (0x4)

.text           0x080001d8     0x40f4
                0x080001d8                        . = ALIGN (0x4)
 *(.text)
 .text          0x080001d8       0x40 C:/ST/STM32CubeIDE_1.15.1/STM32CubeIDE/plugins/com.st.stm32cube.ide.mcu.externaltools.gnu-tools-for-stm32.12.3.rel1.win32_1.0.100.202403111256/tools/bin/../lib/gcc/arm-none-eabi/12.3.1/thumb/v7e-m+fp/hard/crtbegin.o
 .text          0x08000218       0x30 C:/ST/STM32CubeIDE_1.15.1/STM32CubeIDE/plugins/com.st.stm32cube.ide.mcu.externaltools.gnu-tools-for-stm32.12.3.rel1.win32_1.0.100.202403111256/tools/bin/../lib/gcc/arm-none-eabi/12.3.1/thumb/v7e-m+fp/hard\libgcc.a(_aeabi_uldivmod.o)
                0x08000218                __aeabi_uldivmod
 .text          0x08000248      0x2bc C:/ST/STM32CubeIDE_1.15.1/STM32CubeIDE/plugins/com.st.stm32cube.ide.mcu.externaltools.gnu-tools-for-stm32.12.3.rel1.win32_1.0.100.202403111256/tools/bin/../lib/gcc/arm-none-eabi/12.3.1/thumb/v7e-m+fp/hard\libgcc.a(_udivmoddi4.o)
                0x08000248                __udivmoddi4
 .text          0x08000504        0x4 C:/ST/STM32CubeIDE_1.15.1/STM32CubeIDE/plugins/com.st.stm32cube.ide.mcu.externaltools.gnu-tools-for-stm32.12.3.rel1.win32_1.0.100.202403111256/tools/bin/../lib/gcc/arm-none-eabi/12.3.1/thumb/v7e-m+fp/hard\libgcc.a(_dvmd_tls.o)
                0x08000504                __aeabi_idiv0
                0x08000504                __aeabi_ldiv0
 *(.text*)
 .text.setLED   0x08000508       0x5c ./Core/Src/WS2812_SPI.o
                0x08000508                setLED
 .text.ws2812_spi
                0x08000564       0x80 ./Core/Src/WS2812_SPI.o
                0x08000564                ws2812_spi
 .text.WS2812_Send
                0x080005e4       0x54 ./Core/Src/WS2812_SPI.o
                0x080005e4                WS2812_Send
 .text.FreeUARTBuffer
                0x08000638       0x44 ./Core/Src/main.o
                0x08000638                FreeUARTBuffer
 .text.main     0x0800067c      0x948 ./Core/Src/main.o
                0x0800067c                main
 .text.SystemClock_Config
                0x08000fc4       0x98 ./Core/Src/main.o
                0x08000fc4                SystemClock_Config
 .text.MX_SPI1_Init
                0x0800105c       0x7c ./Core/Src/main.o
 .text.MX_USART2_UART_Init
                0x080010d8       0xc0 ./Core/Src/main.o
 .text.MX_GPIO_Init
                0x08001198       0xec ./Core/Src/main.o
 .text.Error_Handler
                0x08001284        0xc ./Core/Src/main.o
                0x08001284                Error_Handler
 .text.HAL_MspInit
                0x08001290       0x48 ./Core/Src/stm32g4xx_hal_msp.o
                0x08001290                HAL_MspInit
 .text.HAL_SPI_MspInit
                0x080012d8       0x84 ./Core/Src/stm32g4xx_hal_msp.o
                0x080012d8                HAL_SPI_MspInit
 .text.HAL_UART_MspInit
                0x0800135c       0xb0 ./Core/Src/stm32g4xx_hal_msp.o
                0x0800135c                HAL_UART_MspInit
 .text.NMI_Handler
                0x0800140c        0x8 ./Core/Src/stm32g4xx_it.o
                0x0800140c                NMI_Handler
 .text.HardFault_Handler
                0x08001414        0x8 ./Core/Src/stm32g4xx_it.o
                0x08001414                HardFault_Handler
 .text.MemManage_Handler
                0x0800141c        0x8 ./Core/Src/stm32g4xx_it.o
                0x0800141c                MemManage_Handler
 .text.BusFault_Handler
                0x08001424        0x8 ./Core/Src/stm32g4xx_it.o
                0x08001424                BusFault_Handler
 .text.UsageFault_Handler
                0x0800142c        0x8 ./Core/Src/stm32g4xx_it.o
                0x0800142c                UsageFault_Handler
 .text.SVC_Handler
                0x08001434        0xe ./Core/Src/stm32g4xx_it.o
                0x08001434                SVC_Handler
 .text.DebugMon_Handler
                0x08001442        0xe ./Core/Src/stm32g4xx_it.o
                0x08001442                DebugMon_Handler
 .text.PendSV_Handler
                0x08001450        0xe ./Core/Src/stm32g4xx_it.o
                0x08001450                PendSV_Handler
 .text.SysTick_Handler
                0x0800145e        0xc ./Core/Src/stm32g4xx_it.o
                0x0800145e                SysTick_Handler
 *fill*         0x0800146a        0x2 
 .text.SystemInit
                0x0800146c       0x24 ./Core/Src/system_stm32g4xx.o
                0x0800146c                SystemInit
 .text.Reset_Handler
                0x08001490       0x50 ./Core/Startup/startup_stm32g431rbtx.o
                0x08001490                Reset_Handler
 .text.Default_Handler
                0x080014e0        0x2 ./Core/Startup/startup_stm32g431rbtx.o
                0x080014e0                RTC_Alarm_IRQHandler
                0x080014e0                EXTI2_IRQHandler
                0x080014e0                TIM8_TRG_COM_IRQHandler
                0x080014e0                TIM8_CC_IRQHandler
                0x080014e0                TIM1_CC_IRQHandler
                0x080014e0                USB_HP_IRQHandler
                0x080014e0                CORDIC_IRQHandler
                0x080014e0                EXTI3_IRQHandler
                0x080014e0                I2C3_ER_IRQHandler
                0x080014e0                EXTI0_IRQHandler
                0x080014e0                I2C2_EV_IRQHandler
                0x080014e0                FPU_IRQHandler
                0x080014e0                FDCAN1_IT1_IRQHandler
                0x080014e0                TIM1_UP_TIM16_IRQHandler
                0x080014e0                ADC1_2_IRQHandler
                0x080014e0                SPI1_IRQHandler
                0x080014e0                TIM6_DAC_IRQHandler
                0x080014e0                TIM8_UP_IRQHandler
                0x080014e0                DMA2_Channel2_IRQHandler
                0x080014e0                DMA1_Channel4_IRQHandler
                0x080014e0                USART3_IRQHandler
                0x080014e0                TIM4_IRQHandler
                0x080014e0                DMA2_Channel1_IRQHandler
                0x080014e0                I2C1_EV_IRQHandler
                0x080014e0                DMA1_Channel6_IRQHandler
                0x080014e0                UART4_IRQHandler
                0x080014e0                DMA2_Channel4_IRQHandler
                0x080014e0                TIM3_IRQHandler
                0x080014e0                RCC_IRQHandler
                0x080014e0                DMA1_Channel1_IRQHandler
                0x080014e0                Default_Handler
                0x080014e0                RTC_TAMP_LSECSS_IRQHandler
                0x080014e0                FMAC_IRQHandler
                0x080014e0                EXTI15_10_IRQHandler
                0x080014e0                TIM7_IRQHandler
                0x080014e0                UCPD1_IRQHandler
                0x080014e0                I2C3_EV_IRQHandler
                0x080014e0                EXTI9_5_IRQHandler
                0x080014e0                RTC_WKUP_IRQHandler
                0x080014e0                PVD_PVM_IRQHandler
                0x080014e0                SPI2_IRQHandler
                0x080014e0                DMA2_Channel5_IRQHandler
                0x080014e0                CRS_IRQHandler
                0x080014e0                DMA1_Channel5_IRQHandler
                0x080014e0                USB_LP_IRQHandler
                0x080014e0                EXTI4_IRQHandler
                0x080014e0                RNG_IRQHandler
                0x080014e0                TIM1_TRG_COM_TIM17_IRQHandler
                0x080014e0                DMA1_Channel3_IRQHandler
                0x080014e0                WWDG_IRQHandler
                0x080014e0                LPUART1_IRQHandler
                0x080014e0                DMA2_Channel6_IRQHandler
                0x080014e0                FDCAN1_IT0_IRQHandler
                0x080014e0                TIM2_IRQHandler
                0x080014e0                COMP1_2_3_IRQHandler
                0x080014e0                EXTI1_IRQHandler
                0x080014e0                USART2_IRQHandler
                0x080014e0                I2C2_ER_IRQHandler
                0x080014e0                DMA1_Channel2_IRQHandler
                0x080014e0                TIM8_BRK_IRQHandler
                0x080014e0                FLASH_IRQHandler
                0x080014e0                USART1_IRQHandler
                0x080014e0                SPI3_IRQHandler
                0x080014e0                I2C1_ER_IRQHandler
                0x080014e0                LPTIM1_IRQHandler
                0x080014e0                DMAMUX_OVR_IRQHandler
                0x080014e0                USBWakeUp_IRQHandler
                0x080014e0                SAI1_IRQHandler
                0x080014e0                DMA2_Channel3_IRQHandler
                0x080014e0                COMP4_IRQHandler
                0x080014e0                TIM1_BRK_TIM15_IRQHandler
 .text.HAL_Init
                0x080014e2       0x30 ./Drivers/STM32G4xx_HAL_Driver/Src/stm32g4xx_hal.o
                0x080014e2                HAL_Init
 *fill*         0x08001512        0x2 
 .text.HAL_InitTick
                0x08001514       0x74 ./Drivers/STM32G4xx_HAL_Driver/Src/stm32g4xx_hal.o
                0x08001514                HAL_InitTick
 .text.HAL_IncTick
                0x08001588       0x24 ./Drivers/STM32G4xx_HAL_Driver/Src/stm32g4xx_hal.o
                0x08001588                HAL_IncTick
 .text.HAL_GetTick
                0x080015ac       0x18 ./Drivers/STM32G4xx_HAL_Driver/Src/stm32g4xx_hal.o
                0x080015ac                HAL_GetTick
 .text.HAL_Delay
                0x080015c4       0x44 ./Drivers/STM32G4xx_HAL_Driver/Src/stm32g4xx_hal.o
                0x080015c4                HAL_Delay
 .text.__NVIC_SetPriorityGrouping
                0x08001608       0x48 ./Drivers/STM32G4xx_HAL_Driver/Src/stm32g4xx_hal_cortex.o
 .text.__NVIC_GetPriorityGrouping
                0x08001650       0x1c ./Drivers/STM32G4xx_HAL_Driver/Src/stm32g4xx_hal_cortex.o
 .text.__NVIC_SetPriority
                0x0800166c       0x54 ./Drivers/STM32G4xx_HAL_Driver/Src/stm32g4xx_hal_cortex.o
 .text.NVIC_EncodePriority
                0x080016c0       0x66 ./Drivers/STM32G4xx_HAL_Driver/Src/stm32g4xx_hal_cortex.o
 *fill*         0x08001726        0x2 
 .text.SysTick_Config
                0x08001728       0x44 ./Drivers/STM32G4xx_HAL_Driver/Src/stm32g4xx_hal_cortex.o
 .text.HAL_NVIC_SetPriorityGrouping
                0x0800176c       0x16 ./Drivers/STM32G4xx_HAL_Driver/Src/stm32g4xx_hal_cortex.o
                0x0800176c                HAL_NVIC_SetPriorityGrouping
 .text.HAL_NVIC_SetPriority
                0x08001782       0x34 ./Drivers/STM32G4xx_HAL_Driver/Src/stm32g4xx_hal_cortex.o
                0x08001782                HAL_NVIC_SetPriority
 .text.HAL_SYSTICK_Config
                0x080017b6       0x18 ./Drivers/STM32G4xx_HAL_Driver/Src/stm32g4xx_hal_cortex.o
                0x080017b6                HAL_SYSTICK_Config
 .text.HAL_DMA_Abort
                0x080017ce       0xb2 ./Drivers/STM32G4xx_HAL_Driver/Src/stm32g4xx_hal_dma.o
                0x080017ce                HAL_DMA_Abort
 .text.HAL_DMA_GetError
                0x08001880       0x18 ./Drivers/STM32G4xx_HAL_Driver/Src/stm32g4xx_hal_dma.o
                0x08001880                HAL_DMA_GetError
 .text.HAL_GPIO_Init
                0x08001898      0x304 ./Drivers/STM32G4xx_HAL_Driver/Src/stm32g4xx_hal_gpio.o
                0x08001898                HAL_GPIO_Init
 .text.HAL_GPIO_ReadPin
                0x08001b9c       0x30 ./Drivers/STM32G4xx_HAL_Driver/Src/stm32g4xx_hal_gpio.o
                0x08001b9c                HAL_GPIO_ReadPin
 .text.HAL_GPIO_WritePin
                0x08001bcc       0x30 ./Drivers/STM32G4xx_HAL_Driver/Src/stm32g4xx_hal_gpio.o
                0x08001bcc                HAL_GPIO_WritePin
 .text.HAL_PWREx_ControlVoltageScaling
                0x08001bfc      0x148 ./Drivers/STM32G4xx_HAL_Driver/Src/stm32g4xx_hal_pwr_ex.o
                0x08001bfc                HAL_PWREx_ControlVoltageScaling
 .text.HAL_PWREx_DisableUCPDDeadBattery
                0x08001d44       0x20 ./Drivers/STM32G4xx_HAL_Driver/Src/stm32g4xx_hal_pwr_ex.o
                0x08001d44                HAL_PWREx_DisableUCPDDeadBattery
 .text.HAL_RCC_OscConfig
                0x08001d64      0x624 ./Drivers/STM32G4xx_HAL_Driver/Src/stm32g4xx_hal_rcc.o
                0x08001d64                HAL_RCC_OscConfig
 .text.HAL_RCC_ClockConfig
                0x08002388      0x278 ./Drivers/STM32G4xx_HAL_Driver/Src/stm32g4xx_hal_rcc.o
                0x08002388                HAL_RCC_ClockConfig
 .text.HAL_RCC_GetSysClockFreq
                0x08002600       0xc4 ./Drivers/STM32G4xx_HAL_Driver/Src/stm32g4xx_hal_rcc.o
                0x08002600                HAL_RCC_GetSysClockFreq
 .text.HAL_RCC_GetHCLKFreq
                0x080026c4       0x18 ./Drivers/STM32G4xx_HAL_Driver/Src/stm32g4xx_hal_rcc.o
                0x080026c4                HAL_RCC_GetHCLKFreq
 .text.HAL_RCC_GetPCLK1Freq
                0x080026dc       0x2c ./Drivers/STM32G4xx_HAL_Driver/Src/stm32g4xx_hal_rcc.o
                0x080026dc                HAL_RCC_GetPCLK1Freq
 .text.HAL_RCC_GetPCLK2Freq
                0x08002708       0x2c ./Drivers/STM32G4xx_HAL_Driver/Src/stm32g4xx_hal_rcc.o
                0x08002708                HAL_RCC_GetPCLK2Freq
 .text.RCC_GetSysClockFreqFromPLLSource
                0x08002734       0x8c ./Drivers/STM32G4xx_HAL_Driver/Src/stm32g4xx_hal_rcc.o
 .text.HAL_RCCEx_PeriphCLKConfig
                0x080027c0      0x3e0 ./Drivers/STM32G4xx_HAL_Driver/Src/stm32g4xx_hal_rcc_ex.o
                0x080027c0                HAL_RCCEx_PeriphCLKConfig
 .text.HAL_SPI_Init
                0x08002ba0      0x156 ./Drivers/STM32G4xx_HAL_Driver/Src/stm32g4xx_hal_spi.o
                0x08002ba0                HAL_SPI_Init
 .text.HAL_SPI_Transmit
                0x08002cf6      0x2ea ./Drivers/STM32G4xx_HAL_Driver/Src/stm32g4xx_hal_spi.o
                0x08002cf6                HAL_SPI_Transmit
 .text.SPI_WaitFlagStateUntilTimeout
                0x08002fe0      0x110 ./Drivers/STM32G4xx_HAL_Driver/Src/stm32g4xx_hal_spi.o
 .text.SPI_WaitFifoStateUntilTimeout
                0x080030f0      0x12c ./Drivers/STM32G4xx_HAL_Driver/Src/stm32g4xx_hal_spi.o
 .text.SPI_EndRxTxTransaction
                0x0800321c       0x8c ./Drivers/STM32G4xx_HAL_Driver/Src/stm32g4xx_hal_spi.o
 .text.HAL_UART_Init
                0x080032a8       0xa0 ./Drivers/STM32G4xx_HAL_Driver/Src/stm32g4xx_hal_uart.o
                0x080032a8                HAL_UART_Init
 .text.HAL_UART_Transmit
                0x08003348      0x11c ./Drivers/STM32G4xx_HAL_Driver/Src/stm32g4xx_hal_uart.o
                0x08003348                HAL_UART_Transmit
 .text.HAL_UART_Abort
                0x08003464      0x21a ./Drivers/STM32G4xx_HAL_Driver/Src/stm32g4xx_hal_uart.o
                0x08003464                HAL_UART_Abort
 *fill*         0x0800367e        0x2 
 .text.UART_SetConfig
                0x08003680      0x598 ./Drivers/STM32G4xx_HAL_Driver/Src/stm32g4xx_hal_uart.o
                0x08003680                UART_SetConfig
 .text.UART_AdvFeatureConfig
                0x08003c18      0x144 ./Drivers/STM32G4xx_HAL_Driver/Src/stm32g4xx_hal_uart.o
                0x08003c18                UART_AdvFeatureConfig
 .text.UART_CheckIdleState
                0x08003d5c      0x154 ./Drivers/STM32G4xx_HAL_Driver/Src/stm32g4xx_hal_uart.o
                0x08003d5c                UART_CheckIdleState
 .text.UART_WaitOnFlagUntilTimeout
                0x08003eb0       0xda ./Drivers/STM32G4xx_HAL_Driver/Src/stm32g4xx_hal_uart.o
                0x08003eb0                UART_WaitOnFlagUntilTimeout
 .text.UART_EndRxTransfer
                0x08003f8a       0xcc ./Drivers/STM32G4xx_HAL_Driver/Src/stm32g4xx_hal_uart.o
 .text.HAL_UARTEx_DisableFifoMode
                0x08004056       0x72 ./Drivers/STM32G4xx_HAL_Driver/Src/stm32g4xx_hal_uart_ex.o
                0x08004056                HAL_UARTEx_DisableFifoMode
 .text.HAL_UARTEx_SetTxFifoThreshold
                0x080040c8       0x7c ./Drivers/STM32G4xx_HAL_Driver/Src/stm32g4xx_hal_uart_ex.o
                0x080040c8                HAL_UARTEx_SetTxFifoThreshold
 .text.HAL_UARTEx_SetRxFifoThreshold
                0x08004144       0x7c ./Drivers/STM32G4xx_HAL_Driver/Src/stm32g4xx_hal_uart_ex.o
                0x08004144                HAL_UARTEx_SetRxFifoThreshold
 .text.UARTEx_SetNbDataToProcess
                0x080041c0       0x9c ./Drivers/STM32G4xx_HAL_Driver/Src/stm32g4xx_hal_uart_ex.o
 .text.memset   0x0800425c       0x10 C:/ST/STM32CubeIDE_1.15.1/STM32CubeIDE/plugins/com.st.stm32cube.ide.mcu.externaltools.gnu-tools-for-stm32.12.3.rel1.win32_1.0.100.202403111256/tools/bin/../lib/gcc/arm-none-eabi/12.3.1/../../../../arm-none-eabi/lib/thumb/v7e-m+fp/hard\libc_nano.a(libc_a-memset.o)
                0x0800425c                memset
 .text.__libc_init_array
                0x0800426c       0x48 C:/ST/STM32CubeIDE_1.15.1/STM32CubeIDE/plugins/com.st.stm32cube.ide.mcu.externaltools.gnu-tools-for-stm32.12.3.rel1.win32_1.0.100.202403111256/tools/bin/../lib/gcc/arm-none-eabi/12.3.1/../../../../arm-none-eabi/lib/thumb/v7e-m+fp/hard\libc_nano.a(libc_a-init.o)
                0x0800426c                __libc_init_array
 *(.glue_7)
 .glue_7        0x080042b4        0x0 linker stubs
 *(.glue_7t)
 .glue_7t       0x080042b4        0x0 linker stubs
 *(.eh_frame)
 .eh_frame      0x080042b4        0x0 C:/ST/STM32CubeIDE_1.15.1/STM32CubeIDE/plugins/com.st.stm32cube.ide.mcu.externaltools.gnu-tools-for-stm32.12.3.rel1.win32_1.0.100.202403111256/tools/bin/../lib/gcc/arm-none-eabi/12.3.1/thumb/v7e-m+fp/hard/crtbegin.o
 *(.init)
 .init          0x080042b4        0x4 C:/ST/STM32CubeIDE_1.15.1/STM32CubeIDE/plugins/com.st.stm32cube.ide.mcu.externaltools.gnu-tools-for-stm32.12.3.rel1.win32_1.0.100.202403111256/tools/bin/../lib/gcc/arm-none-eabi/12.3.1/thumb/v7e-m+fp/hard/crti.o
                0x080042b4                _init
 .init          0x080042b8        0x8 C:/ST/STM32CubeIDE_1.15.1/STM32CubeIDE/plugins/com.st.stm32cube.ide.mcu.externaltools.gnu-tools-for-stm32.12.3.rel1.win32_1.0.100.202403111256/tools/bin/../lib/gcc/arm-none-eabi/12.3.1/thumb/v7e-m+fp/hard/crtn.o
 *(.fini)
 .fini          0x080042c0        0x4 C:/ST/STM32CubeIDE_1.15.1/STM32CubeIDE/plugins/com.st.stm32cube.ide.mcu.externaltools.gnu-tools-for-stm32.12.3.rel1.win32_1.0.100.202403111256/tools/bin/../lib/gcc/arm-none-eabi/12.3.1/thumb/v7e-m+fp/hard/crti.o
                0x080042c0                _fini
 .fini          0x080042c4        0x8 C:/ST/STM32CubeIDE_1.15.1/STM32CubeIDE/plugins/com.st.stm32cube.ide.mcu.externaltools.gnu-tools-for-stm32.12.3.rel1.win32_1.0.100.202403111256/tools/bin/../lib/gcc/arm-none-eabi/12.3.1/thumb/v7e-m+fp/hard/crtn.o
                0x080042cc                        . = ALIGN (0x4)
                0x080042cc                        _etext = .

.vfp11_veneer   0x080042cc        0x0
 .vfp11_veneer  0x080042cc        0x0 linker stubs

.v4_bx          0x080042cc        0x0
 .v4_bx         0x080042cc        0x0 linker stubs

.iplt           0x080042cc        0x0
 .iplt          0x080042cc        0x0 C:/ST/STM32CubeIDE_1.15.1/STM32CubeIDE/plugins/com.st.stm32cube.ide.mcu.externaltools.gnu-tools-for-stm32.12.3.rel1.win32_1.0.100.202403111256/tools/bin/../lib/gcc/arm-none-eabi/12.3.1/thumb/v7e-m+fp/hard/crtbegin.o

.rodata         0x080042cc       0xb8
                0x080042cc                        . = ALIGN (0x4)
 *(.rodata)
 .rodata        0x080042cc       0x77 ./Core/Src/main.o
 *(.rodata*)
 *fill*         0x08004343        0x1 
 .rodata.AHBPrescTable
                0x08004344       0x10 ./Core/Src/system_stm32g4xx.o
                0x08004344                AHBPrescTable
 .rodata.APBPrescTable
                0x08004354        0x8 ./Core/Src/system_stm32g4xx.o
                0x08004354                APBPrescTable
 .rodata.UARTPrescTable
                0x0800435c       0x18 ./Drivers/STM32G4xx_HAL_Driver/Src/stm32g4xx_hal_uart.o
                0x0800435c                UARTPrescTable
 .rodata.numerator.1
                0x08004374        0x8 ./Drivers/STM32G4xx_HAL_Driver/Src/stm32g4xx_hal_uart_ex.o
 .rodata.denominator.0
                0x0800437c        0x8 ./Drivers/STM32G4xx_HAL_Driver/Src/stm32g4xx_hal_uart_ex.o
                0x08004384                        . = ALIGN (0x4)

.ARM.extab      0x08004384        0x0
                0x08004384                        . = ALIGN (0x4)
 *(.ARM.extab* .gnu.linkonce.armextab.*)
                0x08004384                        . = ALIGN (0x4)

.ARM            0x08004384        0x8
                0x08004384                        . = ALIGN (0x4)
                0x08004384                        __exidx_start = .
 *(.ARM.exidx*)
 .ARM.exidx     0x08004384        0x8 C:/ST/STM32CubeIDE_1.15.1/STM32CubeIDE/plugins/com.st.stm32cube.ide.mcu.externaltools.gnu-tools-for-stm32.12.3.rel1.win32_1.0.100.202403111256/tools/bin/../lib/gcc/arm-none-eabi/12.3.1/thumb/v7e-m+fp/hard\libgcc.a(_udivmoddi4.o)
                0x0800438c                        __exidx_end = .
                0x0800438c                        . = ALIGN (0x4)

.preinit_array  0x0800438c        0x0
                0x0800438c                        . = ALIGN (0x4)
                0x0800438c                        PROVIDE (__preinit_array_start = .)
 *(.preinit_array*)
                0x0800438c                        PROVIDE (__preinit_array_end = .)
                0x0800438c                        . = ALIGN (0x4)

.init_array     0x0800438c        0x4
                0x0800438c                        . = ALIGN (0x4)
                0x0800438c                        PROVIDE (__init_array_start = .)
 *(SORT_BY_NAME(.init_array.*))
 *(.init_array*)
 .init_array    0x0800438c        0x4 C:/ST/STM32CubeIDE_1.15.1/STM32CubeIDE/plugins/com.st.stm32cube.ide.mcu.externaltools.gnu-tools-for-stm32.12.3.rel1.win32_1.0.100.202403111256/tools/bin/../lib/gcc/arm-none-eabi/12.3.1/thumb/v7e-m+fp/hard/crtbegin.o
                0x08004390                        PROVIDE (__init_array_end = .)
                0x08004390                        . = ALIGN (0x4)

.fini_array     0x08004390        0x4
                0x08004390                        . = ALIGN (0x4)
                [!provide]                        PROVIDE (__fini_array_start = .)
 *(SORT_BY_NAME(.fini_array.*))
 *(.fini_array*)
 .fini_array    0x08004390        0x4 C:/ST/STM32CubeIDE_1.15.1/STM32CubeIDE/plugins/com.st.stm32cube.ide.mcu.externaltools.gnu-tools-for-stm32.12.3.rel1.win32_1.0.100.202403111256/tools/bin/../lib/gcc/arm-none-eabi/12.3.1/thumb/v7e-m+fp/hard/crtbegin.o
                [!provide]                        PROVIDE (__fini_array_end = .)
                0x08004394                        . = ALIGN (0x4)
                0x08004394                        _sidata = LOADADDR (.data)

.rel.dyn        0x08004394        0x0
 .rel.iplt      0x08004394        0x0 C:/ST/STM32CubeIDE_1.15.1/STM32CubeIDE/plugins/com.st.stm32cube.ide.mcu.externaltools.gnu-tools-for-stm32.12.3.rel1.win32_1.0.100.202403111256/tools/bin/../lib/gcc/arm-none-eabi/12.3.1/thumb/v7e-m+fp/hard/crtbegin.o

.data           0x20000000        0xc load address 0x08004394
                0x20000000                        . = ALIGN (0x4)
                0x20000000                        _sdata = .
 *(.data)
 *(.data*)
 .data.SystemCoreClock
                0x20000000        0x4 ./Core/Src/system_stm32g4xx.o
                0x20000000                SystemCoreClock
 .data.uwTickPrio
                0x20000004        0x4 ./Drivers/STM32G4xx_HAL_Driver/Src/stm32g4xx_hal.o
                0x20000004                uwTickPrio
 .data.uwTickFreq
                0x20000008        0x4 ./Drivers/STM32G4xx_HAL_Driver/Src/stm32g4xx_hal.o
                0x20000008                uwTickFreq
 *(.RamFunc)
 *(.RamFunc*)
                0x2000000c                        . = ALIGN (0x4)
                0x2000000c                        _edata = .

.igot.plt       0x2000000c        0x0 load address 0x080043a0
 .igot.plt      0x2000000c        0x0 C:/ST/STM32CubeIDE_1.15.1/STM32CubeIDE/plugins/com.st.stm32cube.ide.mcu.externaltools.gnu-tools-for-stm32.12.3.rel1.win32_1.0.100.202403111256/tools/bin/../lib/gcc/arm-none-eabi/12.3.1/thumb/v7e-m+fp/hard/crtbegin.o
                0x2000000c                        . = ALIGN (0x4)

.bss            0x2000000c      0x354 load address 0x080043a0
                0x2000000c                        _sbss = .
                0x2000000c                        __bss_start__ = _sbss
 *(.bss)
 .bss           0x2000000c       0x1c C:/ST/STM32CubeIDE_1.15.1/STM32CubeIDE/plugins/com.st.stm32cube.ide.mcu.externaltools.gnu-tools-for-stm32.12.3.rel1.win32_1.0.100.202403111256/tools/bin/../lib/gcc/arm-none-eabi/12.3.1/thumb/v7e-m+fp/hard/crtbegin.o
 *(.bss*)
 .bss.LED_Data  0x20000028       0x3c ./Core/Src/WS2812_SPI.o
                0x20000028                LED_Data
 .bss.hspi1     0x20000064       0x64 ./Core/Src/main.o
                0x20000064                hspi1
 .bss.huart2    0x200000c8       0x94 ./Core/Src/main.o
                0x200000c8                huart2
 .bss.RxBuffer  0x2000015c      0x100 ./Core/Src/main.o
                0x2000015c                RxBuffer
 .bss.TxBuffer  0x2000025c      0x100 ./Core/Src/main.o
                0x2000025c                TxBuffer
 .bss.uwTick    0x2000035c        0x4 ./Drivers/STM32G4xx_HAL_Driver/Src/stm32g4xx_hal.o
                0x2000035c                uwTick
 *(COMMON)
                0x20000360                        . = ALIGN (0x4)
                0x20000360                        _ebss = .
                0x20000360                        __bss_end__ = _ebss

._user_heap_stack
                0x20000360      0x600 load address 0x080043a0
                0x20000360                        . = ALIGN (0x8)
                [!provide]                        PROVIDE (end = .)
                0x20000360                        PROVIDE (_end = .)
                0x20000560                        . = (. + _Min_Heap_Size)
 *fill*         0x20000360      0x200 
                0x20000960                        . = (. + _Min_Stack_Size)
 *fill*         0x20000560      0x400 
                0x20000960                        . = ALIGN (0x8)

/DISCARD/
 libc.a(*)
 libm.a(*)
 libgcc.a(*)

.ARM.attributes
                0x00000000       0x30
 *(.ARM.attributes)
 .ARM.attributes
                0x00000000       0x22 C:/ST/STM32CubeIDE_1.15.1/STM32CubeIDE/plugins/com.st.stm32cube.ide.mcu.externaltools.gnu-tools-for-stm32.12.3.rel1.win32_1.0.100.202403111256/tools/bin/../lib/gcc/arm-none-eabi/12.3.1/thumb/v7e-m+fp/hard/crti.o
 .ARM.attributes
                0x00000022       0x34 C:/ST/STM32CubeIDE_1.15.1/STM32CubeIDE/plugins/com.st.stm32cube.ide.mcu.externaltools.gnu-tools-for-stm32.12.3.rel1.win32_1.0.100.202403111256/tools/bin/../lib/gcc/arm-none-eabi/12.3.1/thumb/v7e-m+fp/hard/crtbegin.o
 .ARM.attributes
                0x00000056       0x34 ./Core/Src/WS2812_SPI.o
 .ARM.attributes
                0x0000008a       0x34 ./Core/Src/main.o
 .ARM.attributes
                0x000000be       0x34 ./Core/Src/stm32g4xx_hal_msp.o
 .ARM.attributes
                0x000000f2       0x34 ./Core/Src/stm32g4xx_it.o
 .ARM.attributes
                0x00000126       0x34 ./Core/Src/system_stm32g4xx.o
 .ARM.attributes
                0x0000015a       0x21 ./Core/Startup/startup_stm32g431rbtx.o
 .ARM.attributes
                0x0000017b       0x34 ./Drivers/STM32G4xx_HAL_Driver/Src/stm32g4xx_hal.o
 .ARM.attributes
                0x000001af       0x34 ./Drivers/STM32G4xx_HAL_Driver/Src/stm32g4xx_hal_cortex.o
 .ARM.attributes
                0x000001e3       0x34 ./Drivers/STM32G4xx_HAL_Driver/Src/stm32g4xx_hal_dma.o
 .ARM.attributes
                0x00000217       0x34 ./Drivers/STM32G4xx_HAL_Driver/Src/stm32g4xx_hal_gpio.o
 .ARM.attributes
                0x0000024b       0x34 ./Drivers/STM32G4xx_HAL_Driver/Src/stm32g4xx_hal_pwr_ex.o
 .ARM.attributes
                0x0000027f       0x34 ./Drivers/STM32G4xx_HAL_Driver/Src/stm32g4xx_hal_rcc.o
 .ARM.attributes
                0x000002b3       0x34 ./Drivers/STM32G4xx_HAL_Driver/Src/stm32g4xx_hal_rcc_ex.o
 .ARM.attributes
                0x000002e7       0x34 ./Drivers/STM32G4xx_HAL_Driver/Src/stm32g4xx_hal_spi.o
 .ARM.attributes
                0x0000031b       0x34 ./Drivers/STM32G4xx_HAL_Driver/Src/stm32g4xx_hal_uart.o
 .ARM.attributes
                0x0000034f       0x34 ./Drivers/STM32G4xx_HAL_Driver/Src/stm32g4xx_hal_uart_ex.o
 .ARM.attributes
                0x00000383       0x34 C:/ST/STM32CubeIDE_1.15.1/STM32CubeIDE/plugins/com.st.stm32cube.ide.mcu.externaltools.gnu-tools-for-stm32.12.3.rel1.win32_1.0.100.202403111256/tools/bin/../lib/gcc/arm-none-eabi/12.3.1/../../../../arm-none-eabi/lib/thumb/v7e-m+fp/hard\libc_nano.a(libc_a-memset.o)
 .ARM.attributes
                0x000003b7       0x34 C:/ST/STM32CubeIDE_1.15.1/STM32CubeIDE/plugins/com.st.stm32cube.ide.mcu.externaltools.gnu-tools-for-stm32.12.3.rel1.win32_1.0.100.202403111256/tools/bin/../lib/gcc/arm-none-eabi/12.3.1/../../../../arm-none-eabi/lib/thumb/v7e-m+fp/hard\libc_nano.a(libc_a-init.o)
 .ARM.attributes
                0x000003eb       0x22 C:/ST/STM32CubeIDE_1.15.1/STM32CubeIDE/plugins/com.st.stm32cube.ide.mcu.externaltools.gnu-tools-for-stm32.12.3.rel1.win32_1.0.100.202403111256/tools/bin/../lib/gcc/arm-none-eabi/12.3.1/thumb/v7e-m+fp/hard\libgcc.a(_aeabi_uldivmod.o)
 .ARM.attributes
                0x0000040d       0x34 C:/ST/STM32CubeIDE_1.15.1/STM32CubeIDE/plugins/com.st.stm32cube.ide.mcu.externaltools.gnu-tools-for-stm32.12.3.rel1.win32_1.0.100.202403111256/tools/bin/../lib/gcc/arm-none-eabi/12.3.1/thumb/v7e-m+fp/hard\libgcc.a(_udivmoddi4.o)
 .ARM.attributes
                0x00000441       0x22 C:/ST/STM32CubeIDE_1.15.1/STM32CubeIDE/plugins/com.st.stm32cube.ide.mcu.externaltools.gnu-tools-for-stm32.12.3.rel1.win32_1.0.100.202403111256/tools/bin/../lib/gcc/arm-none-eabi/12.3.1/thumb/v7e-m+fp/hard\libgcc.a(_dvmd_tls.o)
 .ARM.attributes
                0x00000463       0x22 C:/ST/STM32CubeIDE_1.15.1/STM32CubeIDE/plugins/com.st.stm32cube.ide.mcu.externaltools.gnu-tools-for-stm32.12.3.rel1.win32_1.0.100.202403111256/tools/bin/../lib/gcc/arm-none-eabi/12.3.1/thumb/v7e-m+fp/hard/crtn.o
OUTPUT(GameinatorB4.elf elf32-littlearm)
LOAD linker stubs
LOAD C:/ST/STM32CubeIDE_1.15.1/STM32CubeIDE/plugins/com.st.stm32cube.ide.mcu.externaltools.gnu-tools-for-stm32.12.3.rel1.win32_1.0.100.202403111256/tools/bin/../lib/gcc/arm-none-eabi/12.3.1/../../../../arm-none-eabi/lib/thumb/v7e-m+fp/hard\libc.a
LOAD C:/ST/STM32CubeIDE_1.15.1/STM32CubeIDE/plugins/com.st.stm32cube.ide.mcu.externaltools.gnu-tools-for-stm32.12.3.rel1.win32_1.0.100.202403111256/tools/bin/../lib/gcc/arm-none-eabi/12.3.1/../../../../arm-none-eabi/lib/thumb/v7e-m+fp/hard\libm.a
LOAD C:/ST/STM32CubeIDE_1.15.1/STM32CubeIDE/plugins/com.st.stm32cube.ide.mcu.externaltools.gnu-tools-for-stm32.12.3.rel1.win32_1.0.100.202403111256/tools/bin/../lib/gcc/arm-none-eabi/12.3.1/thumb/v7e-m+fp/hard\libgcc.a

.debug_info     0x00000000     0xece1
 .debug_info    0x00000000      0x835 ./Core/Src/WS2812_SPI.o
 .debug_info    0x00000835     0x15d3 ./Core/Src/main.o
 .debug_info    0x00001e08     0x105f ./Core/Src/stm32g4xx_hal_msp.o
 .debug_info    0x00002e67      0x113 ./Core/Src/stm32g4xx_it.o
 .debug_info    0x00002f7a      0x58e ./Core/Src/system_stm32g4xx.o
 .debug_info    0x00003508       0x30 ./Core/Startup/startup_stm32g431rbtx.o
 .debug_info    0x00003538      0xadb ./Drivers/STM32G4xx_HAL_Driver/Src/stm32g4xx_hal.o
 .debug_info    0x00004013      0xcf3 ./Drivers/STM32G4xx_HAL_Driver/Src/stm32g4xx_hal_cortex.o
 .debug_info    0x00004d06      0x85f ./Drivers/STM32G4xx_HAL_Driver/Src/stm32g4xx_hal_dma.o
 .debug_info    0x00005565      0x763 ./Drivers/STM32G4xx_HAL_Driver/Src/stm32g4xx_hal_gpio.o
 .debug_info    0x00005cc8      0x93f ./Drivers/STM32G4xx_HAL_Driver/Src/stm32g4xx_hal_pwr_ex.o
 .debug_info    0x00006607      0xb82 ./Drivers/STM32G4xx_HAL_Driver/Src/stm32g4xx_hal_rcc.o
 .debug_info    0x00007189      0xc15 ./Drivers/STM32G4xx_HAL_Driver/Src/stm32g4xx_hal_rcc_ex.o
 .debug_info    0x00007d9e     0x1748 ./Drivers/STM32G4xx_HAL_Driver/Src/stm32g4xx_hal_spi.o
 .debug_info    0x000094e6     0x481e ./Drivers/STM32G4xx_HAL_Driver/Src/stm32g4xx_hal_uart.o
 .debug_info    0x0000dd04      0xfdd ./Drivers/STM32G4xx_HAL_Driver/Src/stm32g4xx_hal_uart_ex.o

.debug_abbrev   0x00000000     0x2114
 .debug_abbrev  0x00000000      0x1f8 ./Core/Src/WS2812_SPI.o
 .debug_abbrev  0x000001f8      0x2c2 ./Core/Src/main.o
 .debug_abbrev  0x000004ba      0x1e5 ./Core/Src/stm32g4xx_hal_msp.o
 .debug_abbrev  0x0000069f       0x73 ./Core/Src/stm32g4xx_it.o
 .debug_abbrev  0x00000712      0x11a ./Core/Src/system_stm32g4xx.o
 .debug_abbrev  0x0000082c       0x24 ./Core/Startup/startup_stm32g431rbtx.o
 .debug_abbrev  0x00000850      0x271 ./Drivers/STM32G4xx_HAL_Driver/Src/stm32g4xx_hal.o
 .debug_abbrev  0x00000ac1      0x31c ./Drivers/STM32G4xx_HAL_Driver/Src/stm32g4xx_hal_cortex.o
 .debug_abbrev  0x00000ddd      0x1e2 ./Drivers/STM32G4xx_HAL_Driver/Src/stm32g4xx_hal_dma.o
 .debug_abbrev  0x00000fbf      0x1cb ./Drivers/STM32G4xx_HAL_Driver/Src/stm32g4xx_hal_gpio.o
 .debug_abbrev  0x0000118a      0x22c ./Drivers/STM32G4xx_HAL_Driver/Src/stm32g4xx_hal_pwr_ex.o
 .debug_abbrev  0x000013b6      0x2c9 ./Drivers/STM32G4xx_HAL_Driver/Src/stm32g4xx_hal_rcc.o
 .debug_abbrev  0x0000167f      0x258 ./Drivers/STM32G4xx_HAL_Driver/Src/stm32g4xx_hal_rcc_ex.o
 .debug_abbrev  0x000018d7      0x267 ./Drivers/STM32G4xx_HAL_Driver/Src/stm32g4xx_hal_spi.o
 .debug_abbrev  0x00001b3e      0x304 ./Drivers/STM32G4xx_HAL_Driver/Src/stm32g4xx_hal_uart.o
 .debug_abbrev  0x00001e42      0x2d2 ./Drivers/STM32G4xx_HAL_Driver/Src/stm32g4xx_hal_uart_ex.o

.debug_aranges  0x00000000      0xc08
 .debug_aranges
                0x00000000       0x30 ./Core/Src/WS2812_SPI.o
 .debug_aranges
                0x00000030       0x50 ./Core/Src/main.o
 .debug_aranges
                0x00000080       0x40 ./Core/Src/stm32g4xx_hal_msp.o
 .debug_aranges
                0x000000c0       0x60 ./Core/Src/stm32g4xx_it.o
 .debug_aranges
                0x00000120       0x28 ./Core/Src/system_stm32g4xx.o
 .debug_aranges
                0x00000148       0x28 ./Core/Startup/startup_stm32g431rbtx.o
 .debug_aranges
                0x00000170      0x148 ./Drivers/STM32G4xx_HAL_Driver/Src/stm32g4xx_hal.o
 .debug_aranges
                0x000002b8      0x118 ./Drivers/STM32G4xx_HAL_Driver/Src/stm32g4xx_hal_cortex.o
 .debug_aranges
                0x000003d0       0x90 ./Drivers/STM32G4xx_HAL_Driver/Src/stm32g4xx_hal_dma.o
 .debug_aranges
                0x00000460       0x58 ./Drivers/STM32G4xx_HAL_Driver/Src/stm32g4xx_hal_gpio.o
 .debug_aranges
                0x000004b8      0x140 ./Drivers/STM32G4xx_HAL_Driver/Src/stm32g4xx_hal_pwr_ex.o
 .debug_aranges
                0x000005f8       0x98 ./Drivers/STM32G4xx_HAL_Driver/Src/stm32g4xx_hal_rcc.o
 .debug_aranges
                0x00000690       0xb0 ./Drivers/STM32G4xx_HAL_Driver/Src/stm32g4xx_hal_rcc_ex.o
 .debug_aranges
                0x00000740      0x1d8 ./Drivers/STM32G4xx_HAL_Driver/Src/stm32g4xx_hal_spi.o
 .debug_aranges
                0x00000918      0x248 ./Drivers/STM32G4xx_HAL_Driver/Src/stm32g4xx_hal_uart.o
 .debug_aranges
                0x00000b60       0xa8 ./Drivers/STM32G4xx_HAL_Driver/Src/stm32g4xx_hal_uart_ex.o

.debug_rnglists
                0x00000000      0x94a
 .debug_rnglists
                0x00000000       0x20 ./Core/Src/WS2812_SPI.o
 .debug_rnglists
                0x00000020       0x3b ./Core/Src/main.o
 .debug_rnglists
                0x0000005b       0x2d ./Core/Src/stm32g4xx_hal_msp.o
 .debug_rnglists
                0x00000088       0x43 ./Core/Src/stm32g4xx_it.o
 .debug_rnglists
                0x000000cb       0x1a ./Core/Src/system_stm32g4xx.o
 .debug_rnglists
                0x000000e5       0x19 ./Core/Startup/startup_stm32g431rbtx.o
 .debug_rnglists
                0x000000fe       0xf1 ./Drivers/STM32G4xx_HAL_Driver/Src/stm32g4xx_hal.o
 .debug_rnglists
                0x000001ef       0xce ./Drivers/STM32G4xx_HAL_Driver/Src/stm32g4xx_hal_cortex.o
 .debug_rnglists
                0x000002bd       0x71 ./Drivers/STM32G4xx_HAL_Driver/Src/stm32g4xx_hal_dma.o
 .debug_rnglists
                0x0000032e       0x3f ./Drivers/STM32G4xx_HAL_Driver/Src/stm32g4xx_hal_gpio.o
 .debug_rnglists
                0x0000036d       0xf1 ./Drivers/STM32G4xx_HAL_Driver/Src/stm32g4xx_hal_pwr_ex.o
 .debug_rnglists
                0x0000045e       0x74 ./Drivers/STM32G4xx_HAL_Driver/Src/stm32g4xx_hal_rcc.o
 .debug_rnglists
                0x000004d2       0x87 ./Drivers/STM32G4xx_HAL_Driver/Src/stm32g4xx_hal_rcc_ex.o
 .debug_rnglists
                0x00000559      0x178 ./Drivers/STM32G4xx_HAL_Driver/Src/stm32g4xx_hal_spi.o
 .debug_rnglists
                0x000006d1      0x1fa ./Drivers/STM32G4xx_HAL_Driver/Src/stm32g4xx_hal_uart.o
 .debug_rnglists
                0x000008cb       0x7f ./Drivers/STM32G4xx_HAL_Driver/Src/stm32g4xx_hal_uart_ex.o

.debug_macro    0x00000000    0x1bc83
 .debug_macro   0x00000000      0x1ee ./Core/Src/WS2812_SPI.o
 .debug_macro   0x000001ee      0x15b ./Core/Src/WS2812_SPI.o
 .debug_macro   0x00000349       0x2e ./Core/Src/WS2812_SPI.o
 .debug_macro   0x00000377       0x28 ./Core/Src/WS2812_SPI.o
 .debug_macro   0x0000039f       0x8e ./Core/Src/WS2812_SPI.o
 .debug_macro   0x0000042d       0x51 ./Core/Src/WS2812_SPI.o
 .debug_macro   0x0000047e       0x1c ./Core/Src/WS2812_SPI.o
 .debug_macro   0x0000049a       0x22 ./Core/Src/WS2812_SPI.o
 .debug_macro   0x000004bc       0xfb ./Core/Src/WS2812_SPI.o
 .debug_macro   0x000005b7     0x1011 ./Core/Src/WS2812_SPI.o
 .debug_macro   0x000015c8      0x11f ./Core/Src/WS2812_SPI.o
 .debug_macro   0x000016e7    0x11350 ./Core/Src/WS2812_SPI.o
 .debug_macro   0x00012a37       0x6d ./Core/Src/WS2812_SPI.o
 .debug_macro   0x00012aa4     0x354d ./Core/Src/WS2812_SPI.o
 .debug_macro   0x00015ff1       0x5c ./Core/Src/WS2812_SPI.o
 .debug_macro   0x0001604d     0x141d ./Core/Src/WS2812_SPI.o
 .debug_macro   0x0001746a      0x535 ./Core/Src/WS2812_SPI.o
 .debug_macro   0x0001799f      0x1b6 ./Core/Src/WS2812_SPI.o
 .debug_macro   0x00017b55      0x288 ./Core/Src/WS2812_SPI.o
 .debug_macro   0x00017ddd      0x41d ./Core/Src/WS2812_SPI.o
 .debug_macro   0x000181fa      0x18b ./Core/Src/WS2812_SPI.o
 .debug_macro   0x00018385       0x43 ./Core/Src/WS2812_SPI.o
 .debug_macro   0x000183c8      0x23d ./Core/Src/WS2812_SPI.o
 .debug_macro   0x00018605      0x211 ./Core/Src/WS2812_SPI.o
 .debug_macro   0x00018816      0x401 ./Core/Src/WS2812_SPI.o
 .debug_macro   0x00018c17      0x107 ./Core/Src/WS2812_SPI.o
 .debug_macro   0x00018d1e      0x122 ./Core/Src/WS2812_SPI.o
 .debug_macro   0x00018e40      0x3d1 ./Core/Src/WS2812_SPI.o
 .debug_macro   0x00019211      0x2fe ./Core/Src/WS2812_SPI.o
 .debug_macro   0x0001950f      0x693 ./Core/Src/WS2812_SPI.o
 .debug_macro   0x00019ba2       0xa6 ./Core/Src/WS2812_SPI.o
 .debug_macro   0x00019c48      0x306 ./Core/Src/WS2812_SPI.o
 .debug_macro   0x00019f4e       0xb8 ./Core/Src/WS2812_SPI.o
 .debug_macro   0x0001a006      0x305 ./Core/Src/main.o
 .debug_macro   0x0001a30b       0x61 ./Core/Src/main.o
 .debug_macro   0x0001a36c       0x16 ./Core/Src/main.o
 .debug_macro   0x0001a382       0x16 ./Core/Src/main.o
 .debug_macro   0x0001a398       0x16 ./Core/Src/main.o
 .debug_macro   0x0001a3ae      0x1de ./Core/Src/stm32g4xx_hal_msp.o
 .debug_macro   0x0001a58c      0x1e8 ./Core/Src/stm32g4xx_it.o
 .debug_macro   0x0001a774      0x1cf ./Core/Src/system_stm32g4xx.o
 .debug_macro   0x0001a943      0x21d ./Drivers/STM32G4xx_HAL_Driver/Src/stm32g4xx_hal.o
 .debug_macro   0x0001ab60      0x1cf ./Drivers/STM32G4xx_HAL_Driver/Src/stm32g4xx_hal_cortex.o
 .debug_macro   0x0001ad2f      0x1cf ./Drivers/STM32G4xx_HAL_Driver/Src/stm32g4xx_hal_dma.o
 .debug_macro   0x0001aefe      0x1d6 ./Drivers/STM32G4xx_HAL_Driver/Src/stm32g4xx_hal_gpio.o
 .debug_macro   0x0001b0d4      0x1f9 ./Drivers/STM32G4xx_HAL_Driver/Src/stm32g4xx_hal_pwr_ex.o
 .debug_macro   0x0001b2cd      0x211 ./Drivers/STM32G4xx_HAL_Driver/Src/stm32g4xx_hal_rcc.o
 .debug_macro   0x0001b4de      0x1f9 ./Drivers/STM32G4xx_HAL_Driver/Src/stm32g4xx_hal_rcc_ex.o
 .debug_macro   0x0001b6d7      0x1d7 ./Drivers/STM32G4xx_HAL_Driver/Src/stm32g4xx_hal_spi.o
 .debug_macro   0x0001b8ae      0x1fa ./Drivers/STM32G4xx_HAL_Driver/Src/stm32g4xx_hal_uart.o
 .debug_macro   0x0001baa8      0x1db ./Drivers/STM32G4xx_HAL_Driver/Src/stm32g4xx_hal_uart_ex.o

.debug_line     0x00000000     0xf82f
 .debug_line    0x00000000      0x823 ./Core/Src/WS2812_SPI.o
 .debug_line    0x00000823      0xd58 ./Core/Src/main.o
 .debug_line    0x0000157b      0x816 ./Core/Src/stm32g4xx_hal_msp.o
 .debug_line    0x00001d91      0x82c ./Core/Src/stm32g4xx_it.o
 .debug_line    0x000025bd      0x7d6 ./Core/Src/system_stm32g4xx.o
 .debug_line    0x00002d93       0x7b ./Core/Startup/startup_stm32g431rbtx.o
 .debug_line    0x00002e0e      0xb92 ./Drivers/STM32G4xx_HAL_Driver/Src/stm32g4xx_hal.o
 .debug_line    0x000039a0      0xcfb ./Drivers/STM32G4xx_HAL_Driver/Src/stm32g4xx_hal_cortex.o
 .debug_line    0x0000469b      0xebc ./Drivers/STM32G4xx_HAL_Driver/Src/stm32g4xx_hal_dma.o
 .debug_line    0x00005557      0xbab ./Drivers/STM32G4xx_HAL_Driver/Src/stm32g4xx_hal_gpio.o
 .debug_line    0x00006102      0xd01 ./Drivers/STM32G4xx_HAL_Driver/Src/stm32g4xx_hal_pwr_ex.o
 .debug_line    0x00006e03      0xf5d ./Drivers/STM32G4xx_HAL_Driver/Src/stm32g4xx_hal_rcc.o
 .debug_line    0x00007d60     0x1123 ./Drivers/STM32G4xx_HAL_Driver/Src/stm32g4xx_hal_rcc_ex.o
 .debug_line    0x00008e83     0x2012 ./Drivers/STM32G4xx_HAL_Driver/Src/stm32g4xx_hal_spi.o
 .debug_line    0x0000ae95     0x3be2 ./Drivers/STM32G4xx_HAL_Driver/Src/stm32g4xx_hal_uart.o
 .debug_line    0x0000ea77      0xdb8 ./Drivers/STM32G4xx_HAL_Driver/Src/stm32g4xx_hal_uart_ex.o

.debug_str      0x00000000    0xb8a9c
 .debug_str     0x00000000    0xb16dd ./Core/Src/WS2812_SPI.o
                              0xb19ed (size before relaxing)
 .debug_str     0x000b16dd     0x3f49 ./Core/Src/main.o
                              0xb58ec (size before relaxing)
 .debug_str     0x000b5626      0x23e ./Core/Src/stm32g4xx_hal_msp.o
                              0xb1f77 (size before relaxing)
 .debug_str     0x000b5864       0xc9 ./Core/Src/stm32g4xx_it.o
                              0xb14d5 (size before relaxing)
 .debug_str     0x000b592d       0xdb ./Core/Src/system_stm32g4xx.o
                              0xb1382 (size before relaxing)
 .debug_str     0x000b5a08       0x44 ./Core/Startup/startup_stm32g431rbtx.o
                                 0x82 (size before relaxing)
 .debug_str     0x000b5a4c      0xa38 ./Drivers/STM32G4xx_HAL_Driver/Src/stm32g4xx_hal.o
                              0xb1ec1 (size before relaxing)
 .debug_str     0x000b6484      0x344 ./Drivers/STM32G4xx_HAL_Driver/Src/stm32g4xx_hal_cortex.o
                              0xb1b45 (size before relaxing)
 .debug_str     0x000b67c8      0x2d3 ./Drivers/STM32G4xx_HAL_Driver/Src/stm32g4xx_hal_dma.o
                              0xb175c (size before relaxing)
 .debug_str     0x000b6a9b      0x112 ./Drivers/STM32G4xx_HAL_Driver/Src/stm32g4xx_hal_gpio.o
                              0xb150d (size before relaxing)
 .debug_str     0x000b6bad      0x4a5 ./Drivers/STM32G4xx_HAL_Driver/Src/stm32g4xx_hal_pwr_ex.o
                              0xb1870 (size before relaxing)
 .debug_str     0x000b7052      0x4e0 ./Drivers/STM32G4xx_HAL_Driver/Src/stm32g4xx_hal_rcc.o
                              0xb1a7b (size before relaxing)
 .debug_str     0x000b7532      0x40b ./Drivers/STM32G4xx_HAL_Driver/Src/stm32g4xx_hal_rcc_ex.o
                              0xb1a7c (size before relaxing)
 .debug_str     0x000b793d      0x571 ./Drivers/STM32G4xx_HAL_Driver/Src/stm32g4xx_hal_spi.o
                              0xb1cba (size before relaxing)
 .debug_str     0x000b7eae      0x983 ./Drivers/STM32G4xx_HAL_Driver/Src/stm32g4xx_hal_uart.o
                              0xb233d (size before relaxing)
 .debug_str     0x000b8831      0x26b ./Drivers/STM32G4xx_HAL_Driver/Src/stm32g4xx_hal_uart_ex.o
                              0xb1b3b (size before relaxing)

.comment        0x00000000       0x43
 .comment       0x00000000       0x43 ./Core/Src/WS2812_SPI.o
                                 0x44 (size before relaxing)
 .comment       0x00000043       0x44 ./Core/Src/main.o
 .comment       0x00000043       0x44 ./Core/Src/stm32g4xx_hal_msp.o
 .comment       0x00000043       0x44 ./Core/Src/stm32g4xx_it.o
 .comment       0x00000043       0x44 ./Core/Src/system_stm32g4xx.o
 .comment       0x00000043       0x44 ./Drivers/STM32G4xx_HAL_Driver/Src/stm32g4xx_hal.o
 .comment       0x00000043       0x44 ./Drivers/STM32G4xx_HAL_Driver/Src/stm32g4xx_hal_cortex.o
 .comment       0x00000043       0x44 ./Drivers/STM32G4xx_HAL_Driver/Src/stm32g4xx_hal_dma.o
 .comment       0x00000043       0x44 ./Drivers/STM32G4xx_HAL_Driver/Src/stm32g4xx_hal_gpio.o
 .comment       0x00000043       0x44 ./Drivers/STM32G4xx_HAL_Driver/Src/stm32g4xx_hal_pwr_ex.o
 .comment       0x00000043       0x44 ./Drivers/STM32G4xx_HAL_Driver/Src/stm32g4xx_hal_rcc.o
 .comment       0x00000043       0x44 ./Drivers/STM32G4xx_HAL_Driver/Src/stm32g4xx_hal_rcc_ex.o
 .comment       0x00000043       0x44 ./Drivers/STM32G4xx_HAL_Driver/Src/stm32g4xx_hal_spi.o
 .comment       0x00000043       0x44 ./Drivers/STM32G4xx_HAL_Driver/Src/stm32g4xx_hal_uart.o
 .comment       0x00000043       0x44 ./Drivers/STM32G4xx_HAL_Driver/Src/stm32g4xx_hal_uart_ex.o

.debug_frame    0x00000000     0x30f8
 .debug_frame   0x00000000       0x80 ./Core/Src/WS2812_SPI.o
 .debug_frame   0x00000080       0xe4 ./Core/Src/main.o
 .debug_frame   0x00000164       0xc4 ./Core/Src/stm32g4xx_hal_msp.o
 .debug_frame   0x00000228      0x104 ./Core/Src/stm32g4xx_it.o
 .debug_frame   0x0000032c       0x58 ./Core/Src/system_stm32g4xx.o
 .debug_frame   0x00000384      0x500 ./Drivers/STM32G4xx_HAL_Driver/Src/stm32g4xx_hal.o
 .debug_frame   0x00000884      0x498 ./Drivers/STM32G4xx_HAL_Driver/Src/stm32g4xx_hal_cortex.o
 .debug_frame   0x00000d1c      0x24c ./Drivers/STM32G4xx_HAL_Driver/Src/stm32g4xx_hal_dma.o
 .debug_frame   0x00000f68      0x14c ./Drivers/STM32G4xx_HAL_Driver/Src/stm32g4xx_hal_gpio.o
 .debug_frame   0x000010b4      0x4fc ./Drivers/STM32G4xx_HAL_Driver/Src/stm32g4xx_hal_pwr_ex.o
 .debug_frame   0x000015b0      0x23c ./Drivers/STM32G4xx_HAL_Driver/Src/stm32g4xx_hal_rcc.o
 .debug_frame   0x000017ec      0x2ac ./Drivers/STM32G4xx_HAL_Driver/Src/stm32g4xx_hal_rcc_ex.o
 .debug_frame   0x00001a98      0x860 ./Drivers/STM32G4xx_HAL_Driver/Src/stm32g4xx_hal_spi.o
 .debug_frame   0x000022f8      0xa94 ./Drivers/STM32G4xx_HAL_Driver/Src/stm32g4xx_hal_uart.o
 .debug_frame   0x00002d8c      0x2c0 ./Drivers/STM32G4xx_HAL_Driver/Src/stm32g4xx_hal_uart_ex.o
 .debug_frame   0x0000304c       0x20 C:/ST/STM32CubeIDE_1.15.1/STM32CubeIDE/plugins/com.st.stm32cube.ide.mcu.externaltools.gnu-tools-for-stm32.12.3.rel1.win32_1.0.100.202403111256/tools/bin/../lib/gcc/arm-none-eabi/12.3.1/../../../../arm-none-eabi/lib/thumb/v7e-m+fp/hard\libc_nano.a(libc_a-memset.o)
 .debug_frame   0x0000306c       0x2c C:/ST/STM32CubeIDE_1.15.1/STM32CubeIDE/plugins/com.st.stm32cube.ide.mcu.externaltools.gnu-tools-for-stm32.12.3.rel1.win32_1.0.100.202403111256/tools/bin/../lib/gcc/arm-none-eabi/12.3.1/../../../../arm-none-eabi/lib/thumb/v7e-m+fp/hard\libc_nano.a(libc_a-init.o)
 .debug_frame   0x00003098       0x2c C:/ST/STM32CubeIDE_1.15.1/STM32CubeIDE/plugins/com.st.stm32cube.ide.mcu.externaltools.gnu-tools-for-stm32.12.3.rel1.win32_1.0.100.202403111256/tools/bin/../lib/gcc/arm-none-eabi/12.3.1/thumb/v7e-m+fp/hard\libgcc.a(_aeabi_uldivmod.o)
 .debug_frame   0x000030c4       0x34 C:/ST/STM32CubeIDE_1.15.1/STM32CubeIDE/plugins/com.st.stm32cube.ide.mcu.externaltools.gnu-tools-for-stm32.12.3.rel1.win32_1.0.100.202403111256/tools/bin/../lib/gcc/arm-none-eabi/12.3.1/thumb/v7e-m+fp/hard\libgcc.a(_udivmoddi4.o)

.debug_line_str
                0x00000000       0x66
 .debug_line_str
                0x00000000       0x66 ./Core/Startup/startup_stm32g431rbtx.o
